<?xml version="1.0" encoding="utf-8" ?>
<result>
	<row>
		<label>RenamedDimension1</label>
		<nb_uniq_visitors>1</nb_uniq_visitors>
		<nb_visits>1</nb_visits>
		<nb_actions>8</nb_actions>
		<max_actions>8</max_actions>
		<sum_visit_length>361</sum_visit_length>
		<bounce_count>0</bounce_count>
		<nb_visits_converted>0</nb_visits_converted>
		<avg_bandwidth>0</avg_bandwidth>
		<avg_time_on_site>361</avg_time_on_site>
		<bounce_rate>0%</bounce_rate>
		<nb_actions_per_visit>8</nb_actions_per_visit>
		<segment>dimension1==RenamedDimension1</segment>
	</row>
</result>