<?xml version="1.0" encoding="utf-8" ?>
<result>
	<row>
		<label>RenamedEvent1</label>
		<nb_uniq_visitors>1</nb_uniq_visitors>
		<nb_visits>1</nb_visits>
		<nb_events>1</nb_events>
		<nb_events_with_value>1</nb_events_with_value>
		<sum_event_value>5</sum_event_value>
		<min_event_value>5</min_event_value>
		<max_event_value>5</max_event_value>
		<avg_event_value>5</avg_event_value>
		<segment>eventName==genericValue1</segment>
		<subtable>
			<row>
				<label>RenamedAction</label>
				<nb_uniq_visitors>1</nb_uniq_visitors>
				<nb_visits>1</nb_visits>
				<nb_events>1</nb_events>
				<nb_events_with_value>1</nb_events_with_value>
				<sum_event_value>5</sum_event_value>
				<min_event_value>5</min_event_value>
				<max_event_value>5</max_event_value>
				<avg_event_value>5</avg_event_value>
			</row>
		</subtable>
	</row>
</result>