<?xml version="1.0" encoding="utf-8" ?>
<result>
	<row>
		<label>actionDim1</label>
		<nb_visits>1</nb_visits>
		<nb_uniq_visitors>1</nb_uniq_visitors>
		<nb_hits>2</nb_hits>
		<sum_bandwidth>0</sum_bandwidth>
		<nb_hits_with_bandwidth>0</nb_hits_with_bandwidth>
		<min_bandwidth>0</min_bandwidth>
		<max_bandwidth>0</max_bandwidth>
		<sum_time_spent>0</sum_time_spent>
		<bounce_count>0</bounce_count>
		<exit_nb_visits>0</exit_nb_visits>
		<avg_bandwidth>0</avg_bandwidth>
		<avg_time_on_dimension>0</avg_time_on_dimension>
		<bounce_rate>0%</bounce_rate>
		<exit_rate>0%</exit_rate>
		<segment>dimension3==actionDim1</segment>
		<subtable>
			<row>
				<label>example.com/</label>
				<nb_visits>1</nb_visits>
				<nb_uniq_visitors>1</nb_uniq_visitors>
				<nb_hits>2</nb_hits>
				<sum_bandwidth>0</sum_bandwidth>
				<nb_hits_with_bandwidth>0</nb_hits_with_bandwidth>
				<min_bandwidth>0</min_bandwidth>
				<max_bandwidth>0</max_bandwidth>
				<sum_time_spent>0</sum_time_spent>
				<bounce_count>0</bounce_count>
				<exit_nb_visits>0</exit_nb_visits>
				<avg_time_on_dimension>0</avg_time_on_dimension>
				<bounce_rate>0%</bounce_rate>
				<exit_rate>0%</exit_rate>
				<segment>dimension3==actionDim1;actionUrl=$example.com%2F</segment>
				<url>example.com%2F</url>
			</row>
		</subtable>
	</row>
	<row>
		<label>actionDim1111</label>
		<nb_visits>1</nb_visits>
		<nb_uniq_visitors>1</nb_uniq_visitors>
		<nb_hits>1</nb_hits>
		<sum_bandwidth>0</sum_bandwidth>
		<nb_hits_with_bandwidth>0</nb_hits_with_bandwidth>
		<min_bandwidth>0</min_bandwidth>
		<max_bandwidth>0</max_bandwidth>
		<sum_time_spent>0</sum_time_spent>
		<bounce_count>0</bounce_count>
		<exit_nb_visits>0</exit_nb_visits>
		<avg_bandwidth>0</avg_bandwidth>
		<avg_time_on_dimension>0</avg_time_on_dimension>
		<bounce_rate>0%</bounce_rate>
		<exit_rate>0%</exit_rate>
		<segment>dimension3==actionDim1111</segment>
		<subtable>
			<row>
				<label>example.com/</label>
				<nb_visits>1</nb_visits>
				<nb_uniq_visitors>1</nb_uniq_visitors>
				<nb_hits>1</nb_hits>
				<sum_bandwidth>0</sum_bandwidth>
				<nb_hits_with_bandwidth>0</nb_hits_with_bandwidth>
				<min_bandwidth>0</min_bandwidth>
				<max_bandwidth>0</max_bandwidth>
				<sum_time_spent>0</sum_time_spent>
				<bounce_count>0</bounce_count>
				<exit_nb_visits>0</exit_nb_visits>
				<avg_time_on_dimension>0</avg_time_on_dimension>
				<bounce_rate>0%</bounce_rate>
				<exit_rate>0%</exit_rate>
				<segment>dimension3==actionDim1111;actionUrl=$example.com%2F</segment>
				<url>example.com%2F</url>
			</row>
		</subtable>
	</row>
</result>